// Jest Snapshot v1, https://goo.gl/fbAQLP

exports[`expect to render Snapshot of Card Component 1`] = `
<div>
  <Card
    email="j@j.com"
    id={1}
    key="0"
    name="Jon Snow"
  />
</div>
`;
